src/app/government-exams/upsc/schedule/page.tsx(287,122): error TS2304: Cannot find name 'Trophy'.
